Title:           Fondasi Teori Ukuran - Volume 1, Bagian 111-115, 121-123, dan 131
Subject:         Adaptasi Bahasa Indonesia dari Measure Theory, Volume 1, Bagian 111-115, 121-123, dan 131
Keywords:        teori ukuran, aljabar sigma, ruang ukur, ukuran luar, ukuran Lebesgue, fungsi terukur, integral, teorema konvergensi, subruang terukur, id-ID, O007
Author:          D. H. Fremlin; adaptasi Bahasa Indonesia atas arahan pengguna
Creator:          TeX output 2026.08.22:0000
Producer:        MiKTeX-dvipdfmx (20260404)
CreationDate:    Sat Aug 22 00:00:00 2026 UTC
Custom Metadata: no
Metadata Stream: no
Tagged:          no
UserProperties:  no
Suspects:        no
Form:            none
JavaScript:      no
Pages:           58
Encrypted:       no
Page size:       595.28 x 841.89 pts (A4)
Page rot:        0
File size:       490296 bytes
Optimized:       no
PDF version:     1.5
