This is mikTeX, Version 3.141592653 (MiKTeX 26.5) (preloaded format=tex.fmt)
 restricted \write18 enabled.
(sections111-115-121-122-123-131-132-id.tex (volwp.aux (fremtex.tex (amstex.tex


AmS-TeX- Version 2.2

Loading definitions for misc utility macros, page layout, accents/punctuation,
line and page breaks, figures, comments, math spacing, fractions,
smash commands, large operator symbols, integrals, operator names,
multilevel sub/superscripts, matrices, multiline displays,
continued fractions, compound symbols, various kinds of dots,
special superscripts, \text, math font commands, \newsymbol,
bold Greek and bold symbols, Euler fonts, math accents, roots,
commutative diagrams, poor man's bold, syntax check, ... finished) (amsppt.sty
version 2.2 (2001/08/07): Loading utility definitions, more fonts,
page dimension settings, top matter, section heads,
theorems/proofs/definitions/remarks, rosters, footnotes, figures and captions,
miscellaneous, references, end of document, output routine,
hyphenation exceptions (U.S. English) (amsppt.sti symbol names (amssym.tex) ,)

)) (mt.tex
Extract from MEASURE THEORY, by D.H.Fremlin, University of Essex, Colchester. T
his material is copyright. It is issued under the terms of the Design Science L
icense as published in http://dsl.org/copyleft/dsl.txt. This is a development v
ersion and the source files are not permanently archived. For further informati
on contact fremdh@essex.ac.uk
) (psfig.sty
psfig/tex 1.10-dvips
)) (mt113-dvipdfmx-images.tex) [1.12] (mt111.tex
Version of 26.1.05
111A Definisi
111B Catatan (a)
111C Gabungan dan irisan tak hingga
111D Sifat-sifat dasar aljabar-$\sigma $
[1.12]
111E Lebih lanjut tentang gabungan dan irisan tak hingga (a)
[2.12]
111F Himpunan terhitung (a)
[3.12]
111G Himpunan Borel 
111X Latihan dasar $\relax \unhbox \voidb@x \setbox \z@ \hbox {>}\dimen@ -\wd \
z@ \kern -.5\ex@ \copy \z@ \kern \dimen@ \kern .25\ex@ \raise .4\ex@ \copy \z@ 
\kern \dimen@ \kern .25\ex@ \box \z@ $(a)
[4.12]
111Y Latihan lanjutan (a)
111 Catatan dan komentar
[5.12]) [6.12] (mt112.tex
Version of 20.2.05/20.8.08
112A Definisi
112B Catatan
[7.12]
112C Sifat-sifat dasar ruang ukur
[8.12]
112D Himpunan terabaikan
112X Latihan dasar $\relax \unhbox \voidb@x \setbox \z@ \hbox {>}\dimen@ -\wd \
z@ \kern -.5\ex@ \copy \z@ \kern \dimen@ \kern .25\ex@ \raise .4\ex@ \copy \z@ 
\kern \dimen@ \kern .25\ex@ \box \z@ $(a)
[9.12]
112Y Latihan lanjutan (a)
[10.12]
112 Catatan dan komentar
) [11.12] (mt113.tex
Version of 6.4.05
113A Ukuran {luar}
113B Catatan (a)
113C Metode Cara\-th{\accent 19 e}o\-dory: Teorema
importing reader diagram mt113c1.png at height 100.68pt and width 97.05pt with 
dvipdfmx pdf:image
importing reader diagram mt113c2.png at height 100.68pt and width 97.05pt with 
dvipdfmx pdf:image
importing reader diagram mt113c3.png at height 100.68pt and width 97.05pt with 
dvipdfmx pdf:image
importing reader diagram mt113c4.png at height 100.68pt and width 97.05pt with 
dvipdfmx pdf:image
[12.12]
113D Catatan
[13.12]
113X Latihan dasar $\relax \unhbox \voidb@x \setbox \z@ \hbox {>}\dimen@ -\wd \
z@ \kern -.5\ex@ \copy \z@ \kern \dimen@ \kern .25\ex@ \raise .4\ex@ \copy \z@ 
\kern \dimen@ \kern .25\ex@ \box \z@ $(a)
113Y Latihan lanjutan (a)
[14.12]
113 Catatan dan komentar
[15.12]) [16.12] (mt114.tex
Version of 14.6.05
114A Definisi (a)
114B Lema
114C Definisi
[17.12]
114D Proposisi
[18.12]
114E Definisi

Overfull \hbox (9.2644pt too wide) in paragraph at lines 280--284
[]\tenrm Himpunan-himpunan yang ter-abaikan un-tuk $\teni ^^V$ \tenrm dise-but 
\tenbf ter-abaikan Lebesgue\tenrm ; per-hatikan bahwa himpunan-himpunan
114F Lema
114G Proposisi
[19.12]
Overfull \hbox (7.81569pt too wide) in paragraph at lines 420--420
[]\tenbf (b) \tenrm Sekarang kelu-arga $^^F$ dari himpunan-himpunan terukur Leb
esgue adalah aljabar-$\teni ^^[$ \tenrm atas subhimpunan-subhimpunan
114X Latihan dasar $\relax \unhbox \voidb@x \setbox \z@ \hbox {>}\dimen@ -\wd \
z@ \kern -.5\ex@ \copy \z@ \kern \dimen@ \kern .25\ex@ \raise .4\ex@ \copy \z@ 
\kern \dimen@ \kern .25\ex@ \box \z@ $(a)
[20.12]
114Y Latihan lanjutan (a)
[21.12]
114 Catatan dan komentar
) [22.12] (mt115.tex
Version of 21.7.05
115A Definisi (a)
115B Lema
[23.12]
115C Definisi
[24.12]
115D Proposisi
115E Definisi

Overfull \hbox (9.2644pt too wide) in paragraph at lines 348--352
[]\tenrm Himpunan-himpunan yang ter-abaikan un-tuk $\teni ^^V$ \tenrm dise-but 
\tenbf ter-abaikan Lebesgue\tenrm ; per-hatikan bahwa himpunan-himpunan
115F Lema
[25.12]
115G Proposisi

Overfull \hbox (7.81569pt too wide) in paragraph at lines 527--527
[]\tenbf (b) \tenrm Sekarang kelu-arga $^^F$ dari himpunan-himpunan terukur Leb
esgue adalah aljabar-$\teni ^^[$ \tenrm atas subhimpunan-subhimpunan
[26.12]
115X Latihan dasar
115Y Latihan lanjutan (a)
[27.12]
115 Catatan dan komentar
[28.12])
Underfull \vbox (badness 10000) has occurred while \output is active [29.12]
(mt121.tex
Version of 21.12.03
121A Lema
121B Proposisi
121C Definisi
[30.12]
121D Proposisi
121E Teorema
[31.12] [32.12]
121F Teorema
[33.12]
121G Catatan
121H Proposisi
[34.12]
*121I 
*121J 
[35.12]
*121K Proposisi
121X Latihan dasar $\relax \unhbox \voidb@x \setbox \z@ \hbox {>}\dimen@ -\wd \
z@ \kern -.5\ex@ \copy \z@ \kern \dimen@ \kern .25\ex@ \raise .4\ex@ \copy \z@ 
\kern \dimen@ \kern .25\ex@ \box \z@ $(a)
[36.12]
121Y Latihan lanjutan (a)
[37.12]
121 Catatan dan komentar
[38.12]) [39.12] (mt122.tex
Version of 4.1.04
122A Definisi
122B Lema
122C Lema

Overfull \hbox (1.90895pt too wide) in paragraph at lines 67--70
[]\tenrm (c) Jika $\teni E[]; []  ; E[]$ \tenrm meru-pakan him-punan terukur ya
ng mem-pun-yai uku-ran berhingga, dan $\teni a[]; []  ; a[] \tensy 2 \eightmsb 
R$ \tenrm sedemikian
[40.12]
122D Korolari
122E Definisi
122F Proposisi
122G Lema
122H Definisi
122I Lema
[41.12]
122J Lema
[42.12]
122K Definisi
122L Lema
122M Definisi
122N Catatan (a)
[43.12]
Overfull \hbox (7.3564pt too wide) in paragraph at lines 507--507
[]\tenbf (b) \tenrm Notasi-notasi al-ter-natif yang akan saya gu-nakan un-tuk $
[] \teni f$ \tenrm ialah $[][] \teni f$\tenrm , $[] \teni fd^^V$\tenrm , $[] \t
eni f\tenrm (\teni x\tenrm )\teni ^^V\tenrm (\teni dx\tenrm )$, $[] \teni f\ten
rm (\teni x\tenrm )\teni dx$\tenrm , $[][] \teni f\tenrm (\teni x\tenrm )\teni 
^^V\tenrm (\teni dx\tenrm )$,
122O Teorema
122P Teorema
122Q Catatan
[44.12]
122R Korolari
122X Latihan dasar (a)
[45.12]
122Y Latihan lanjutan (a)
[46.12]
122 Catatan dan komentar
[47.12] [48.12]) [49.12] (mt123.tex
Version of 18.11.04
123A Teorema B. Levi
[50.12]
123B Lema Fatou
123C Teorema Konvergensi Terdominasi Lebesgue
123D 
[51.12]
123X Latihan dasar $\relax \unhbox \voidb@x \setbox \z@ \hbox {>}\dimen@ -\wd \
z@ \kern -.5\ex@ \copy \z@ \kern \dimen@ \kern .25\ex@ \raise .4\ex@ \copy \z@ 
\kern \dimen@ \kern .25\ex@ \box \z@ $(a)
[52.12]
123Y Latihan lanjutan (a)
123 Catatan dan komentar
[53.12])
Underfull \vbox (badness 10000) has occurred while \output is active [54.12]
(mt131.tex
Version of 18.3.05
131A Proposisi
131B Definisi
131C Lema
131D Integrasi pada subhimpunan: Definisi
131E Proposisi

Overfull \hbox (5.34016pt too wide) in paragraph at lines 141--141
\tenbf Bukti (a) \tenrm Jika $\teni f$ \tenrm meru-pakan fungsi $\teni ^^V[]$\t
enrm -sederhana, fungsi itu da-pat diny-atakan se-ba-gai $[][] \teni a[]^^_E[]$
\tenrm , den-gan $\teni E[]; []  ; E[] \tensy 2
[55.12]
131F Korolari
131G Korolari
131H Korolari
131X Latihan dasar $\relax \unhbox \voidb@x \setbox \z@ \hbox {>}\dimen@ -\wd \
z@ \kern -.5\ex@ \copy \z@ \kern \dimen@ \kern .25\ex@ \raise .4\ex@ \copy \z@ 
\kern \dimen@ \kern .25\ex@ \box \z@ $(a)
[56.12]
131Y Latihan lanjutan (a)
131 Catatan dan komentar
) [57.12] (mt132.tex
Version of 6.4.05
132A Proposisi
132B Definisi
132C Proposisi
[58.12]
Overfull \hbox (1.19157pt too wide) in paragraph at lines 157--158
\tenbf Catatan \tenrm Den-gan demikian, se-lan-jut-nya tidak perlu mem-be-dakan
 $\teni ^^R$ \tenrm dari $\teni ^^V[]$ \tenrm ketika mem-bicarakan `uku-ran lua
r Lebesgue'.
132D Selubung terukur
132E Lema
132F Ukuran luar penuh
132X Latihan dasar $\relax \unhbox \voidb@x \setbox \z@ \hbox {>}\dimen@ -\wd \
z@ \kern -.5\ex@ \copy \z@ \kern \dimen@ \kern .25\ex@ \raise .4\ex@ \copy \z@ 
\kern \dimen@ \kern .25\ex@ \box \z@ $ (a)
[59.12]
132Y Latihan lanjutan (a)
[60.12]
132 Catatan dan komentar
) [61.12] )
(see the transcript file for additional information)
Output written on sections111-115-121-122-123-131-132-id.dvi (62 pages, 392428 
bytes).
Transcript written on sections111-115-121-122-123-131-132-id.log.
