This is mikTeX, Version 3.141592653 (MiKTeX 26.5) (preloaded format=tex.fmt)
 restricted \write18 enabled.
(unit111-id.tex (volwp.aux (fremtex.tex (amstex.tex

AmS-TeX- Version 2.2

Loading definitions for misc utility macros, page layout, accents/punctuation,
line and page breaks, figures, comments, math spacing, fractions,
smash commands, large operator symbols, integrals, operator names,
multilevel sub/superscripts, matrices, multiline displays,
continued fractions, compound symbols, various kinds of dots,
special superscripts, \text, math font commands, \newsymbol,
bold Greek and bold symbols, Euler fonts, math accents, roots,
commutative diagrams, poor man's bold, syntax check, ... finished) (amsppt.sty
version 2.2 (2001/08/07): Loading utility definitions, more fonts,
page dimension settings, top matter, section heads,
theorems/proofs/definitions/remarks, rosters, footnotes, figures and captions,
miscellaneous, references, end of document, output routine,
hyphenation exceptions (U.S. English) (amsppt.sti symbol names (amssym.tex) ,)

)) (mt.tex
Extract from MEASURE THEORY, by D.H.Fremlin, University of Essex, Colchester. T
his material is copyright. It is issued under the terms of the Design Science L
icense as published in http://dsl.org/copyleft/dsl.txt. This is a development v
ersion and the source files are not permanently archived. For further informati
on contact fremdh@essex.ac.uk
) (psfig.sty
psfig/tex 1.10-dvips
)) [1.12] (mt111.tex
Version of 26.1.05
111A Definisi
111B Catatan (a)
111C Gabungan dan irisan tak hingga
111D Sifat-sifat dasar aljabar-$\sigma $
[1.12]
111E Lebih lanjut tentang gabungan dan irisan tak hingga (a)
[2.12]
111F Himpunan terhitung (a)
[3.12]
111G Himpunan Borel 
111X Latihan dasar $\relax \unhbox \voidb@x \setbox \z@ \hbox {>}\dimen@ -\wd \
z@ \kern -.5\ex@ \copy \z@ \kern \dimen@ \kern .25\ex@ \raise .4\ex@ \copy \z@ 
\kern \dimen@ \kern .25\ex@ \box \z@ $(a)
[4.12]
111Y Latihan lanjutan (a)
111 Catatan dan komentar
[5.12]) [6.12] )
Output written on unit111-id.dvi (7 pages, 38564 bytes).
Transcript written on unit111-id.log.
