Title:           Fondasi Teori Ukur - Volume 1, Bagian 111-115 dan 121-123
Subject:         Adaptasi Bahasa Indonesia dari Measure Theory, Volume 1, Bagian 111-115 dan 121-123
Keywords:        teori ukur, aljabar sigma, ruang ukur, ukuran luar, ukuran Lebesgue, fungsi terukur, integral, teorema konvergensi, id-ID, O007
Author:          D. H. Fremlin; adaptasi Bahasa Indonesia atas arahan Floris
Creator:          TeX output 2026.08.22:0000
Producer:        MiKTeX-dvipdfmx (20260404)
CreationDate:    Sat Aug 22 00:00:00 2026 UTC
Custom Metadata: no
Metadata Stream: no
Tagged:          no
UserProperties:  no
Suspects:        no
Form:            none
JavaScript:      no
Pages:           55
Encrypted:       no
Page size:       595.28 x 841.89 pts (A4)
Page rot:        0
File size:       474209 bytes
Optimized:       no
PDF version:     1.5
